#-----------------------------------------------------------
# Vivado v2020.2 (64-bit)
# SW Build 3064766 on Wed Nov 18 09:12:45 MST 2020
# IP Build 3064653 on Wed Nov 18 14:17:31 MST 2020
# Start of session at: Wed Apr  2 11:07:46 2025
# Process ID: 6632
# Current directory: C:/travail/s4InfoAtelier4
# Command line: vivado.exe -gui_launcher_event rodinguilauncherevent18480 C:\travail\s4InfoAtelier4\s4InfoAtelier4.xpr
# Log file: C:/travail/s4InfoAtelier4/vivado.log
# Journal file: C:/travail/s4InfoAtelier4\vivado.jou
#-----------------------------------------------------------
start_gui
open_project C:/travail/s4InfoAtelier4/s4InfoAtelier4.xpr
update_compile_order -fileset sources_1
update_module_reference atelier4_testPatternGen2_0_0
# Disabling source management mode.  This is to allow the top design properties to be set without GUI intervention.
set_property source_mgmt_mode None [current_project]
set_property top bg_tile_buffer_tb [get_filesets sim_1]
set_property top_lib xil_defaultlib [get_filesets sim_1]
# Re-enabling previously disabled source management mode.
set_property source_mgmt_mode All [current_project]
update_compile_order -fileset sim_1
launch_simulation
launch_simulation
source bg_tile_buffer_tb.tcl
save_wave_config {C:/travail/s4InfoAtelier4/bg_tile_buffer_tb_behav1.wcfg}
add_files -fileset sim_1 -norecurse C:/travail/s4InfoAtelier4/bg_tile_buffer_tb_behav1.wcfg
set_property xsim.view {C:/travail/s4InfoAtelier4/bg_tile_buffer_tb_behav.wcfg C:/travail/s4InfoAtelier4/datapath_tb_behav.wcfg C:/travail/s4InfoAtelier4/bg_tile_buffer_tb_behav.wcfg C:/travail/s4InfoAtelier4/bg_tile_buffer_tb_behav.wcfg C:/travail/s4InfoAtelier4/datapath_tb_behav1.wcfg C:/travail/s4InfoAtelier4/bg_tile_buffer_tb_behav1.wcfg} [get_filesets sim_1]
close_sim
launch_simulation
open_wave_config C:/travail/s4InfoAtelier4/bg_tile_buffer_tb_behav1.wcfg
source bg_tile_buffer_tb.tcl
close_sim
launch_simulation
open_wave_config C:/travail/s4InfoAtelier4/bg_tile_buffer_tb_behav1.wcfg
source bg_tile_buffer_tb.tcl
close_sim
launch_simulation
open_wave_config C:/travail/s4InfoAtelier4/bg_tile_buffer_tb_behav1.wcfg
source bg_tile_buffer_tb.tcl
close_sim
launch_simulation
export_ip_user_files -of_objects  [get_files C:/travail/s4InfoAtelier4/bg_tile_buffer_tb_behav1.wcfg] -no_script -reset -force -quiet
remove_files  -fileset sim_1 C:/travail/s4InfoAtelier4/bg_tile_buffer_tb_behav1.wcfg
reset_simulation -simset sim_1 -mode behavioral
launch_simulation
launch_simulation
source bg_tile_buffer_tb.tcl
close_sim
update_module_reference atelier4_testPatternGen2_0_0
reset_simulation -simset sim_1 -mode behavioral
launch_simulation
source bg_tile_buffer_tb.tcl
save_wave_config {C:/travail/s4InfoAtelier4/bg_tile_buffer_tb_behav2.wcfg}
add_files -fileset sim_1 -norecurse C:/travail/s4InfoAtelier4/bg_tile_buffer_tb_behav2.wcfg
set_property xsim.view {C:/travail/s4InfoAtelier4/bg_tile_buffer_tb_behav.wcfg C:/travail/s4InfoAtelier4/datapath_tb_behav.wcfg C:/travail/s4InfoAtelier4/bg_tile_buffer_tb_behav.wcfg C:/travail/s4InfoAtelier4/bg_tile_buffer_tb_behav.wcfg C:/travail/s4InfoAtelier4/datapath_tb_behav1.wcfg C:/travail/s4InfoAtelier4/bg_tile_buffer_tb_behav1.wcfg C:/travail/s4InfoAtelier4/bg_tile_buffer_tb_behav2.wcfg} [get_filesets sim_1]
close_sim
launch_simulation
open_wave_config C:/travail/s4InfoAtelier4/bg_tile_buffer_tb_behav2.wcfg
source bg_tile_buffer_tb.tcl
close_sim
launch_simulation
open_wave_config C:/travail/s4InfoAtelier4/bg_tile_buffer_tb_behav2.wcfg
source bg_tile_buffer_tb.tcl
close_sim
launch_simulation
open_wave_config C:/travail/s4InfoAtelier4/bg_tile_buffer_tb_behav2.wcfg
source bg_tile_buffer_tb.tcl
close_sim
launch_simulation
open_wave_config C:/travail/s4InfoAtelier4/bg_tile_buffer_tb_behav2.wcfg
source bg_tile_buffer_tb.tcl
export_ip_user_files -of_objects  [get_files C:/travail/s4InfoAtelier4/bg_tile_buffer_tb_behav2.wcfg] -no_script -reset -force -quiet
remove_files  -fileset sim_1 C:/travail/s4InfoAtelier4/bg_tile_buffer_tb_behav2.wcfg
# Disabling source management mode.  This is to allow the top design properties to be set without GUI intervention.
set_property source_mgmt_mode None [current_project]
set_property top controller_tb [get_filesets sim_1]
set_property top_lib xil_defaultlib [get_filesets sim_1]
# Re-enabling previously disabled source management mode.
set_property source_mgmt_mode All [current_project]
update_compile_order -fileset sim_1
launch_simulation
close_sim
reset_simulation -simset sim_1 -mode behavioral
launch_simulation
launch_simulation
source controller_tb.tcl
set_property SOURCE_SET sources_1 [get_filesets sim_1]
add_files -fileset sim_1 -norecurse C:/travail/s4InfoAtelier4/s4InfoAtelier4.sim/viewport_tb.vhd
update_compile_order -fileset sim_1
# Disabling source management mode.  This is to allow the top design properties to be set without GUI intervention.
set_property source_mgmt_mode None [current_project]
set_property top viewport_tb [get_filesets sim_1]
set_property top_lib xil_defaultlib [get_filesets sim_1]
# Re-enabling previously disabled source management mode.
set_property source_mgmt_mode All [current_project]
close_sim
# Disabling source management mode.  This is to allow the top design properties to be set without GUI intervention.
set_property source_mgmt_mode None [current_project]
# Re-enabling previously disabled source management mode.
set_property source_mgmt_mode All [current_project]
# Disabling source management mode.  This is to allow the top design properties to be set without GUI intervention.
set_property source_mgmt_mode None [current_project]
# Re-enabling previously disabled source management mode.
set_property source_mgmt_mode All [current_project]
reset_simulation -simset sim_1 -mode behavioral
# Disabling source management mode.  This is to allow the top design properties to be set without GUI intervention.
set_property source_mgmt_mode None [current_project]
# Re-enabling previously disabled source management mode.
set_property source_mgmt_mode All [current_project]
update_compile_order -fileset sim_1
launch_simulation
launch_simulation
launch_simulation
source viewport_tb.tcl
save_wave_config {C:/travail/s4InfoAtelier4/viewport_tb_behav.wcfg}
add_files -fileset sim_1 -norecurse C:/travail/s4InfoAtelier4/viewport_tb_behav.wcfg
set_property xsim.view {C:/travail/s4InfoAtelier4/bg_tile_buffer_tb_behav.wcfg C:/travail/s4InfoAtelier4/datapath_tb_behav.wcfg C:/travail/s4InfoAtelier4/bg_tile_buffer_tb_behav.wcfg C:/travail/s4InfoAtelier4/bg_tile_buffer_tb_behav.wcfg C:/travail/s4InfoAtelier4/datapath_tb_behav1.wcfg C:/travail/s4InfoAtelier4/bg_tile_buffer_tb_behav1.wcfg C:/travail/s4InfoAtelier4/bg_tile_buffer_tb_behav2.wcfg C:/travail/s4InfoAtelier4/viewport_tb_behav.wcfg} [get_filesets sim_1]
close_sim
launch_simulation
open_wave_config C:/travail/s4InfoAtelier4/viewport_tb_behav.wcfg
source viewport_tb.tcl
save_wave_config {C:/travail/s4InfoAtelier4/viewport_tb_behav.wcfg}
close_sim
launch_simulation
open_wave_config C:/travail/s4InfoAtelier4/viewport_tb_behav.wcfg
source viewport_tb.tcl
# Disabling source management mode.  This is to allow the top design properties to be set without GUI intervention.
set_property source_mgmt_mode None [current_project]
set_property top tb_background_buffer [get_filesets sim_1]
set_property top_lib xil_defaultlib [get_filesets sim_1]
# Re-enabling previously disabled source management mode.
set_property source_mgmt_mode All [current_project]
update_compile_order -fileset sim_1
save_wave_config {C:/travail/s4InfoAtelier4/viewport_tb_behav.wcfg}
close_sim
reset_simulation -simset sim_1 -mode behavioral
launch_simulation
open_wave_config C:/travail/s4InfoAtelier4/viewport_tb_behav.wcfg
source tb_background_buffer.tcl
export_ip_user_files -of_objects  [get_files C:/travail/s4InfoAtelier4/viewport_tb_behav.wcfg] -no_script -reset -force -quiet
remove_files  -fileset sim_1 C:/travail/s4InfoAtelier4/viewport_tb_behav.wcfg
close_sim
launch_simulation
source tb_background_buffer.tcl
close_sim
update_module_reference atelier4_testPatternGen2_0_0
delete_bd_objs [get_bd_nets o_instruction] [get_bd_nets o_opcode] [get_bd_cells system_ila_0]
startgroup
set_property HDL_ATTRIBUTE.DEBUG false [get_bd_nets { testPatternGen2_0_o_dataValid pixelDataToVideoStre_0_o_pixel_x pixelDataToVideoStre_0_o_pixel_y testPatternGen2_0_o_dataPixel proc_sys_reset_0_peripheral_aresetn } ]
endgroup
startgroup
set_property HDL_ATTRIBUTE.DEBUG false [get_bd_nets { mycolorRegister_0_o_imageDataA } ]
endgroup
save_bd_design
reset_run synth_1
launch_runs impl_1 -to_step write_bitstream -jobs 10
wait_on_run impl_1
# Disabling source management mode.  This is to allow the top design properties to be set without GUI intervention.
set_property source_mgmt_mode None [current_project]
set_property top datapath_tb [get_filesets sim_1]
set_property top_lib xil_defaultlib [get_filesets sim_1]
# Re-enabling previously disabled source management mode.
set_property source_mgmt_mode All [current_project]
update_compile_order -fileset sim_1
reset_run synth_1
reset_simulation -simset sim_1 -mode behavioral
launch_runs impl_1 -to_step write_bitstream -jobs 10
wait_on_run impl_1
reset_run synth_1
